Microchip MPLAB XC8 Compiler V3.00

Linker command line:

-W-3 \
  --edf=C:\Program Files\Microchip\xc8\v3.00\pic\dat\20241204225717_en.msgs \
  -cn -h+dist/default/production\Practica2_FaseB.X.production.sym \
  --cmf=dist/default/production\Practica2_FaseB.X.production.cmf -z \
  -Q18F4321 -oC:\Users\pinol\AppData\Local\Temp\xcAsgrk.\driver_tmp_3.o \
  --defsym=__MPLAB_BUILD=1 --fixupoverflow=error \
  -Mdist/default/production/Practica2_FaseB.X.production.map \
  --md=C:\Users\pinol\AppData\Local\Temp\xcAsgrk.\driver_tmp_0.dat -E1 \
  -ver=XC8 Compiler -ACODE=00h-01FFFh -ACONST=00h-01FFFh \
  -ASMALLCONST=0200h-02FFhx30 -AMEDIUMCONST=0200h-01FFFh -ACOMRAM=01h-07Fh \
  -AABS1=00h-01FFh -ABIGRAM=01h-01FFh -ARAM=080h-0FFh,0100h-01FFh \
  -ABANK0=080h-0FFh -ABANK1=0100h-01FFh -ASFR=0F80h-0FFFh \
  -ABIGSFR=0F80h-0FFFh -ACONFIG=0300000h-030000Dh -AIDLOC=0200000h-0200007h \
  -AEEDATA=0F00000h-0F000FFh -peeprom_data=EEDATA \
  -preset_vec=00h,intcode=8h,intcodelo=18h,sivt_lo,sivt_hi=CODE \
  -ppowerup=CODE,init -pramtop=0200h -psmallconst=SMALLCONST \
  -pmediumconst=MEDIUMCONST -pconst=CONST -AFARRAM=00h-00h \
  -prdata=COMRAM,nvrram=COMRAM,nvbit=COMRAM,rbss=COMRAM,rbit=COMRAM \
  -pfarbss=FARRAM,fardata=FARRAM,nvFARRAM=FARRAM \
  -pintsave_regs=BIGRAM,bigbss=BIGRAM,bigdata=BIGRAM -pbss=RAM \
  -pidata=CODE,irdata=CODE,ibigdata=CODE,ifardata=CODE -prparam=COMRAM \
  C:\Users\pinol\AppData\Local\Temp\xcAsgrk.\driver_tmp_9.o \
  dist/default/production\Practica2_FaseB.X.production.o 

Object code version is 3.11

Machine type is 18F4321



                Name                               Link     Load   Length Selector   Space Scale
C:\Users\pinol\AppData\Local\Temp\xcAsgrk.\driver_tmp_9.o
                idloc                            200000   200000        8        0       5
                config                           300000   300000        E        0       4
                init                                 3A       3A        4        4       0
                reset_vec                             0        0        4        0       0
dist/default/production\Practica2_FaseB.X.production.o
                intcode                               8        8       32        4       0
                idloc                            200000   200000        8        0       5
                config                           300000   300000        E        0       4
                temp                                 74       74        1        1       1
                smallconst                          200      200       A4      100       0
                text85                             15DC     15DC       1E      152       0
                text84                             1822     1822        C      152       0
                text83                              D22      D22       6E      152       0
                text82                             11CA     11CA       38      152       0
                text81                             1418     1418       28      152       0
                text80                             104C     104C       50      152       0
                text79                             1788     1788       12      152       0
                text78                             1320     1320       2C      152       0
                text77                              E54      E54       5C      152       0
                text76                             1692     1692       18      152       0
                text74                             17BA     17BA       10      152       0
                text73                             1776     1776       12      152       0
                text72                             1816     1816        C      152       0
                text71                             1764     1764       12      152       0
                text70                             12F4     12F4       2C      152       0
                text69                             1440     1440       26      152       0
                text68                              2A4      2A4      2B8      152       0
                text67                             111E     111E       3C      152       0
                text66                             14AE     14AE       24      152       0
                text65                             167A     167A       18      152       0
                text64                              FFC      FFC       50      152       0
                text63                              EB0      EB0       56      152       0
                text62                             17AA     17AA       10      152       0
                text61                             159E     159E       20      152       0
                text60                             109C     109C       46      152       0
                text59                             1718     1718       16      152       0
                text58                             12C8     12C8       2C      152       0
                text57                             13F0     13F0       28      152       0
                text56                             148A     148A       24      152       0
                text55                             129C     129C       2C      152       0
                text54                             1376     1376       2A      152       0
                text53                             1616     1616       1C      152       0
                text52                              CB4      CB4       6E      152       0
                text51                             1192     1192       38      152       0
                text50                             13C8     13C8       28      152       0
                text49                              FAC      FAC       50      152       0
                text48                              AB2      AB2       9C      152       0
                text47                             15FA     15FA       1C      152       0
                text46                              B4E      B4E       84      152       0
                text45                             1662     1662       18      152       0
                text44                             17D8     17D8        E      152       0
                text43                             179A     179A       10      152       0
                text42                             1702     1702       16      152       0
                text41                             16EC     16EC       16      152       0
                text40                             164A     164A       18      152       0
                text39                             180A     180A        C      152       0
                text38                             1838     1838        A      152       0
                text37                             182E     182E        A      152       0
                text36                             1466     1466       24      152       0
                text35                             16D6     16D6       16      152       0
                text34                             16C0     16C0       16      152       0
                text33                              968      968       AA      152       0
                text32                             1632     1632       18      152       0
                text31                              7D8      7D8       E0      152       0
                text30                             1752     1752       12      152       0
                text29                             1740     1740       12      152       0
                text28                             17CA     17CA        E      152       0
                text27                             172E     172E       12      152       0
                text26                             17FE     17FE        C      152       0
                text25                              55C      55C      14A      152       0
                text24                             126E     126E       2E      152       0
                text23                             16AA     16AA       16      152       0
                text22                             17F2     17F2        C      152       0
                text21                             17E6     17E6        C      152       0
                text20                              F5A      F5A       52      152       0
                text19                              BD2      BD2       72      152       0
                text18                             157C     157C       22      152       0
                text17                             1238     1238       36      152       0
                text16                             1202     1202       36      152       0
                text15                              A12      A12       A0      152       0
                text14                              6A6      6A6      132      152       0
                text13                              D90      D90       66      152       0
                text12                             155A     155A       22      152       0
                text11                             10E2     10E2       3C      152       0
                text10                              F06      F06       54      152       0
                text9                               DF6      DF6       5E      152       0
                text8                              15BE     15BE       1E      152       0
                text7                              1538     1538       22      152       0
                text6                              1516     1516       22      152       0
                text5                              14F4     14F4       22      152       0
                text4                              14D2     14D2       22      152       0
                text3                              13A0     13A0       28      152       0
                text2                               8B8      8B8       B0      152       0
                text1                              134C     134C       2A      152       0
                text0                               C44      C44       70      152       0
                cstackCOMRAM                         5C       5C       17        1       1
                cstackBANK0                          E7       E7        E       80       1
                bssBANK0                             80       80       67       80       1
                dataCOMRAM                           73       73        1        1       1
                bssCOMRAM                             1        1       5B        1       1
                cinit                              115A     115A       38      152       0
                idataCOMRAM                        1842     1842        1      152       0

TOTAL           Name                               Link     Load   Length     Space
        CLASS   CODE           
                intcode                               8        8       32         0
                init                                 3A       3A        4         0
                reset_vec                             0        0        4         0
                text85                             15DC     15DC       1E         0
                text84                             1822     1822        C         0
                text83                              D22      D22       6E         0
                text82                             11CA     11CA       38         0
                text81                             1418     1418       28         0
                text80                             104C     104C       50         0
                text79                             1788     1788       12         0
                text78                             1320     1320       2C         0
                text77                              E54      E54       5C         0
                text76                             1692     1692       18         0
                text74                             17BA     17BA       10         0
                text73                             1776     1776       12         0
                text72                             1816     1816        C         0
                text71                             1764     1764       12         0
                text70                             12F4     12F4       2C         0
                text69                             1440     1440       26         0
                text68                              2A4      2A4      2B8         0
                text67                             111E     111E       3C         0
                text66                             14AE     14AE       24         0
                text65                             167A     167A       18         0
                text64                              FFC      FFC       50         0
                text63                              EB0      EB0       56         0
                text62                             17AA     17AA       10         0
                text61                             159E     159E       20         0
                text60                             109C     109C       46         0
                text59                             1718     1718       16         0
                text58                             12C8     12C8       2C         0
                text57                             13F0     13F0       28         0
                text56                             148A     148A       24         0
                text55                             129C     129C       2C         0
                text54                             1376     1376       2A         0
                text53                             1616     1616       1C         0
                text52                              CB4      CB4       6E         0
                text51                             1192     1192       38         0
                text50                             13C8     13C8       28         0
                text49                              FAC      FAC       50         0
                text48                              AB2      AB2       9C         0
                text47                             15FA     15FA       1C         0
                text46                              B4E      B4E       84         0
                text45                             1662     1662       18         0
                text44                             17D8     17D8        E         0
                text43                             179A     179A       10         0
                text42                             1702     1702       16         0
                text41                             16EC     16EC       16         0
                text40                             164A     164A       18         0
                text39                             180A     180A        C         0
                text38                             1838     1838        A         0
                text37                             182E     182E        A         0
                text36                             1466     1466       24         0
                text35                             16D6     16D6       16         0
                text34                             16C0     16C0       16         0
                text33                              968      968       AA         0
                text32                             1632     1632       18         0
                text31                              7D8      7D8       E0         0
                text30                             1752     1752       12         0
                text29                             1740     1740       12         0
                text28                             17CA     17CA        E         0
                text27                             172E     172E       12         0
                text26                             17FE     17FE        C         0
                text25                              55C      55C      14A         0
                text24                             126E     126E       2E         0
                text23                             16AA     16AA       16         0
                text22                             17F2     17F2        C         0
                text21                             17E6     17E6        C         0
                text20                              F5A      F5A       52         0
                text19                              BD2      BD2       72         0
                text18                             157C     157C       22         0
                text17                             1238     1238       36         0
                text16                             1202     1202       36         0
                text15                              A12      A12       A0         0
                text14                              6A6      6A6      132         0
                text13                              D90      D90       66         0
                text12                             155A     155A       22         0
                text11                             10E2     10E2       3C         0
                text10                              F06      F06       54         0
                text9                               DF6      DF6       5E         0
                text8                              15BE     15BE       1E         0
                text7                              1538     1538       22         0
                text6                              1516     1516       22         0
                text5                              14F4     14F4       22         0
                text4                              14D2     14D2       22         0
                text3                              13A0     13A0       28         0
                text2                               8B8      8B8       B0         0
                text1                              134C     134C       2A         0
                text0                               C44      C44       70         0
                cinit                              115A     115A       38         0
                idataCOMRAM                        1842     1842        1         0

        CLASS   CONST          

        CLASS   SMALLCONST     
                smallconst                          200      200       A4         0

        CLASS   MEDIUMCONST    

        CLASS   COMRAM         
                temp                                 74       74        1         1
                cstackCOMRAM                         5C       5C       17         1
                dataCOMRAM                           73       73        1         1
                bssCOMRAM                             1        1       5B         1

        CLASS   ABS1           

        CLASS   BIGRAM         

        CLASS   RAM            

        CLASS   BANK0          
                cstackBANK0                          E7       E7        E         1
                bssBANK0                             80       80       67         1

        CLASS   BANK1          

        CLASS   SFR            

        CLASS   BIGSFR         

        CLASS   CONFIG         
                config                           300000   300000        E         4

        CLASS   IDLOC          
                idloc                            200000   200000        8         5

        CLASS   EEDATA         

        CLASS   FARRAM         

        CLASS   HEAP           

        CLASS   STACK          



SEGMENTS        Name                           Load    Length   Top    Selector   Space  Class

                reset_vec                      000000  000004  000004         0       0  CODE    
                bssCOMRAM                      000001  000074  000075         1       1  COMRAM  
                intcode                        000008  000036  00003E         4       0  CODE    
                bssBANK0                       000080  000075  0000F5        80       1  BANK0   
                smallconst                     000200  0000A4  0002A4       100       0  SMALLCON
                text68                         0002A4  00159F  001843       152       0  CODE    


UNUSED ADDRESS RANGES

        Name                Unused          Largest block    Delta
        BANK0            0000F5-0000FF                B
        BANK1            000100-0001FF              100
        BIGRAM           000075-00007F                B
                         0000F5-0001FF              10B
        BIGSFR           000F80-000FFF               80
        CODE             000004-000007                4
                         00003E-0001FF              1C2
                         001843-001FFF              7BD
        COMRAM           000075-00007F                B
        CONST            000004-000007                4
                         00003E-0001FF              1C2
                         001843-001FFF              7BD
        EEDATA           F00000-F000FF              100
        MEDIUMCONST      001843-001FFF              7BD
        RAM              0000F5-0001FF                B
        SFR              000F80-000FFF               80
        SMALLCONST       001843-001FFF              100

                                  Symbol Table

?_TI_GetTics                          cstackCOMRAM 000067
?___awmod                             cstackCOMRAM 000067
?i2___awmod                           cstackCOMRAM 00005C
EEPROM_DemanaDesarLog@dd              cstackBANK0  0000E9
EEPROM_DemanaDesarLog@hh              cstackCOMRAM 00006F
EEPROM_DemanaDesarLog@mm              cstackBANK0  0000E7
EEPROM_DemanaDesarLog@mo              cstackBANK0  0000EA
EEPROM_DemanaDesarLog@ss              cstackBANK0  0000E8
EEPROM_DemanaDesarLog@yyyy            cstackBANK0  0000EB
EEPROM_DemanaEsborrarLogs@addr        cstackCOMRAM 00006A
EEPROM_Motor@addr                     cstackCOMRAM 00006C
EEPROM_Motor@baseAddr                 bssCOMRAM    000037
EEPROM_Motor@eepromSubState           bssCOMRAM    000038
EEPROM_Motor@estatGlobal              bssCOMRAM    000039
EEPROM_Motor@from                     cstackCOMRAM 00006A
EEPROM_Motor@sendIndex                bssCOMRAM    000036
EEPROM_Motor@to                       cstackCOMRAM 00006B
FAN_Motor@state                       bssCOMRAM    000031
FAN_SetDutyFan0@duty                  cstackCOMRAM 000067
FAN_SetDutyFan1@duty                  cstackCOMRAM 000067
I2C_Read@buffer                       cstackCOMRAM 000068
I2C_Read@flag                         cstackCOMRAM 000067
I2C_Write@data                        cstackCOMRAM 000067
JOY_Motor@canal                       bssCOMRAM    00001C
JOY_Motor@state                       bssCOMRAM    00001D
RAM_DemanaDesar@temperatura           cstackCOMRAM 000069
RAM_DemanaEsborrar@i                  cstackCOMRAM 000069
RAM_Motor@i                           cstackCOMRAM 000071
RAM_Motor@v                           cstackCOMRAM 000070
RAM_Read@r                            cstackCOMRAM 000068
RAM_Write@v                           cstackCOMRAM 000068
RGB_Motor@state                       bssCOMRAM    00002C
RGB_SetColor@b                        cstackCOMRAM 000068
RGB_SetColor@g                        cstackCOMRAM 000067
RGB_SetColor@r                        cstackCOMRAM 000069
RTC_DemanaTime@dd                     cstackCOMRAM 00005F
RTC_DemanaTime@hh                     cstackCOMRAM 00005C
RTC_DemanaTime@mm                     cstackCOMRAM 00005D
RTC_DemanaTime@mo                     cstackCOMRAM 000060
RTC_DemanaTime@ss                     cstackCOMRAM 00005E
RTC_DemanaTime@yy                     cstackCOMRAM 000061
RTC_Motor@state                       bssCOMRAM    000022
RTC_SetDate@dd                        cstackCOMRAM 000072
RTC_SetDate@mo                        cstackBANK0  0000E7
RTC_SetDate@yy                        cstackBANK0  0000E8
RTC_SetTime@hh                        cstackCOMRAM 000072
RTC_SetTime@mm                        cstackBANK0  0000E7
RTC_SetTime@ss                        cstackBANK0  0000E8
ReStartI2C_@slave_rw_addr             cstackCOMRAM 000068
SIO_Receive@character                 cstackCOMRAM 000067
SIO_Send@character                    cstackCOMRAM 000067
SIO_SendBlocking@character            cstackCOMRAM 000067
SIO_SendBuffer@buffer                 cstackCOMRAM 000067
SIO_SendBuffer@i                      cstackCOMRAM 00006A
SIO_SendBuffer@length                 cstackCOMRAM 000068
SIO_SendDecimal@num                   cstackCOMRAM 00006F
SIO_SendString@str                    cstackCOMRAM 000068
SIS_ControlTemperatura@estat_anterior bssCOMRAM    000043
SIS_ControlTemperatura@state          bssCOMRAM    000045
SIS_ControlTemperatura@temperatura    bssCOMRAM    000044
SIS_Motor@i                           bssCOMRAM    000047
SIS_Motor@state                       bssCOMRAM    000048
SIS_MovementMotor@state               bssCOMRAM    000046
StartI2C@slave_rw_addr                cstackCOMRAM 000068
TI_GetTics@CopiaTicsActual            cstackBANK0  0000E7
TI_GetTics@TimerHandle                cstackBANK0  0000EB
TI_Init@counter                       cstackCOMRAM 000067
TI_NewTimer@Comptador                 cstackCOMRAM 000069
TI_NewTimer@TimerHandle               cstackCOMRAM 000067
TI_ResetTics@TimerHandle              cstackCOMRAM 000067
_ADCON0bits                           (abs)        000FC2
_ADCON1                               (abs)        000FC1
_ADCON2bits                           (abs)        000FC0
_ADRESH                               (abs)        000FC4
_BAUDCONbits                          (abs)        000FB8
_EEADR                                (abs)        000FA9
_EECON1bits                           (abs)        000FA6
_EECON2                               (abs)        000FA7
_EEDATA                               (abs)        000FA8
_EEPROM_DemanaDesarLog                text31       0007D8
_EEPROM_DemanaEsborrarLogs            text12       00155A
_EEPROM_DemanaLlegirLogs              text22       0017F2
_EEPROM_Init                          text73       001776
_EEPROM_Motor                         text68       0002A4
_FAN_Init                             text65       00167A
_FAN_Motor                            text63       000EB0
_FAN_SetDutyFan0                      text30       001752
_FAN_SetDutyFan1                      text29       001740
_I2C_Ack                              text38       001838
_I2C_Nack                             text37       00182E
_I2C_Read                             text36       001466
_I2C_Ready                            text44       0017D8
_I2C_Stop_                            text43       00179A
_I2C_Write                            text42       001702
_INTCON2bits                          (abs)        000FF1
_INTCON3bits                          (abs)        000FF0
_INTCONbits                           (abs)        000FF2
_INT_Init                             text62       0017AA
_InitI2C                              text45       001662
_JOY_Init                             text61       00159E
_JOY_IsCenter                         text8        0015BE
_JOY_IsDown                           text7        001538
_JOY_IsLeft                           text6        001516
_JOY_IsRight                          text5        0014F4
_JOY_IsUp                             text4        0014D2
_JOY_Motor                            text60       00109C
_LATAbits                             (abs)        000F89
_LATBbits                             (abs)        000F8A
_LATCbits                             (abs)        000F8B
_LATD                                 (abs)        000F8C
_PIE1bits                             (abs)        000F9D
_PIR1bits                             (abs)        000F9E
_PIR2bits                             (abs)        000FA1
_PORTBbits                            (abs)        000F81
_PORTD                                (abs)        000F83
_RAM_DemanaDesar                      text28       0017CA
_RAM_DemanaEsborrar                   text55       00129C
_RAM_DemanaLlegir                     text21       0017E6
_RAM_IncAddr                          text57       0013F0
_RAM_Init                             text54       001376
_RAM_Motor                            text48       000AB2
_RAM_Read                             text53       001616
_RAM_ResetAddr                        text58       0012C8
_RAM_Write                            text56       00148A
_RCONbits                             (abs)        000FD0
_RCREG                                (abs)        000FAE
_RCSTAbits                            (abs)        000FAB
_RGB_Init                             text47       0015FA
_RGB_Motor                            text46       000B4E
_RGB_SetColor                         text27       00172E
_RGB_SetColorAlternatCritic           text26       0017FE
_RSI_High                             intcode      000008
_RSI_INT1                             text77       000E54
_RSI_Timer0                           text76       001692
_RTC_DemanaTime                       text85       0015DC
_RTC_Enable1HzInterrupt               text40       00164A
_RTC_Init                             text39       00180A
_RTC_Motor                            text33       000968
_RTC_SetDate                          text17       001238
_RTC_SetTime                          text16       001202
_ReStartI2C_                          text35       0016D6
_SIO_Init                             text32       001632
_SIO_Receive                          text23       0016AA
_SIO_Send                             text71       001764
_SIO_SendBlocking                     text72       001816
_SIO_SendBuffer                       text3        0013A0
_SIO_SendDecimal                      text49       000FAC
_SIO_SendString                       text70       0012F4
_SIS_ControlTemperatura               text25       00055C
_SIS_Init                             text24       00126E
_SIS_Motor                            text9        000DF6
_SIS_MovementMotor                    text2        0008B8
_SPBRG                                (abs)        000FAF
_SPBRGH                               (abs)        000FB0
_SSPADD                               (abs)        000FC8
_SSPBUF                               (abs)        000FC9
_SSPCON1                              (abs)        000FC6
_SSPCON2                              (abs)        000FC5
_SSPCON2bits                          (abs)        000FC5
_SSPSTAT                              (abs)        000FC7
_SSPSTATbits                          (abs)        000FC7
_StartI2C                             text41       0016EC
_T0CON                                (abs)        000FD5
_TI_GetTics                           text64       000FFC
_TI_Init                              text1        00134C
_TI_NewTimer                          text67       00111E
_TI_ResetTics                         text66       0014AE
_TMR0                                 (abs)        000FD6
_TMR0IF                               (abs)        007F92
_TRISAbits                            (abs)        000F92
_TRISBbits                            (abs)        000F93
_TRISCbits                            (abs)        000F94
_TRISD                                (abs)        000F95
_TXREG                                (abs)        000FAD
_TXSTAbits                            (abs)        000FAC
_Tics                                 bssCOMRAM    000010
_Timers                               bssBANK0     000080
__HRAM                                (abs)        000000
__H__absolute__                       __absolute__ 000000
__Habs1                               abs1         000000
__Hbank0                              bank0        000000
__Hbank1                              bank1        000000
__Hbigbss                             bigbss       000000
__Hbigdata                            bigdata      000000
__Hbigram                             bigram       000000
__Hbigsfr                             bigsfr       000000
__Hbss                                bss          000000
__HbssBANK0                           bssBANK0     000000
__HbssCOMRAM                          bssCOMRAM    000000
__Hcinit                              cinit        000000
__Hclrtext                            clrtext      000000
__Hcomram                             comram       000000
__Hconfig                             config       30000E
__Hconst                              const        000000
__HcstackBANK0                        cstackBANK0  000000
__HcstackCOMRAM                       cstackCOMRAM 000000
__Hdata                               data         000000
__HdataCOMRAM                         dataCOMRAM   000000
__Heeprom_data                        eeprom_data  000000
__Hfarbss                             farbss       000000
__Hfardata                            fardata      000000
__Hheap                               heap         000000
__Hibigdata                           ibigdata     000000
__Hidata                              idata        000000
__HidataCOMRAM                        idataCOMRAM  000000
__Hidloc                              idloc        200008
__Hifardata                           ifardata     000000
__Hinit                               init         00003E
__Hintcode                            intcode      00003A
__Hintcode_body                       intcode_body 000000
__Hintcodelo                          intcodelo    000018
__Hintentry                           intentry     000000
__Hintret                             intret       000000
__Hintsave_regs                       intsave_regs 000000
__Hirdata                             irdata       000000
__Hmediumconst                        mediumconst  000000
__HnvFARRAM                           nvFARRAM     000000
__Hnvbit                              nvbit        000000
__Hnvrram                             nvrram       000000
__Hparam                              rparam       000000
__Hpowerup                            powerup      000000
__Hram                                ram          000000
__Hramtop                             ramtop       000200
__Hrbit                               rbit         000000
__Hrbss                               rbss         000000
__Hrdata                              rdata        000000
__Hreset_vec                          reset_vec    000004
__Hrparam                             rparam       000000
__Hsfr                                sfr          000000
__Hsivt_hi                            sivt_hi      000000
__Hsivt_lo                            sivt_lo      000018
__Hsmallconst                         smallconst   0002A4
__Hspace_0                            (abs)        001843
__Hspace_1                            (abs)        0000F5
__Hspace_2                            (abs)        000000
__Hspace_4                            (abs)        60000E
__Hstack                              stack        000000
__Hstruct                             struct       000000
__Htemp                               temp         000075
__Htext                               text         000000
__Htext0                              text0        000000
__Htext1                              text1        000000
__Htext10                             text10       000000
__Htext11                             text11       000000
__Htext12                             text12       000000
__Htext13                             text13       000000
__Htext14                             text14       000000
__Htext15                             text15       000000
__Htext16                             text16       000000
__Htext17                             text17       000000
__Htext18                             text18       000000
__Htext19                             text19       000000
__Htext2                              text2        000000
__Htext20                             text20       000000
__Htext21                             text21       000000
__Htext22                             text22       000000
__Htext23                             text23       000000
__Htext24                             text24       000000
__Htext25                             text25       000000
__Htext26                             text26       000000
__Htext27                             text27       000000
__Htext28                             text28       000000
__Htext29                             text29       000000
__Htext3                              text3        000000
__Htext30                             text30       000000
__Htext31                             text31       000000
__Htext32                             text32       000000
__Htext33                             text33       000000
__Htext34                             text34       000000
__Htext35                             text35       000000
__Htext36                             text36       000000
__Htext37                             text37       000000
__Htext38                             text38       000000
__Htext39                             text39       000000
__Htext4                              text4        000000
__Htext40                             text40       000000
__Htext41                             text41       000000
__Htext42                             text42       000000
__Htext43                             text43       000000
__Htext44                             text44       000000
__Htext45                             text45       000000
__Htext46                             text46       000000
__Htext47                             text47       000000
__Htext48                             text48       000000
__Htext49                             text49       000000
__Htext5                              text5        000000
__Htext50                             text50       000000
__Htext51                             text51       000000
__Htext52                             text52       000000
__Htext53                             text53       000000
__Htext54                             text54       000000
__Htext55                             text55       000000
__Htext56                             text56       000000
__Htext57                             text57       000000
__Htext58                             text58       000000
__Htext59                             text59       000000
__Htext6                              text6        000000
__Htext60                             text60       000000
__Htext61                             text61       000000
__Htext62                             text62       000000
__Htext63                             text63       000000
__Htext64                             text64       000000
__Htext65                             text65       000000
__Htext66                             text66       000000
__Htext67                             text67       000000
__Htext68                             text68       000000
__Htext69                             text69       000000
__Htext7                              text7        000000
__Htext70                             text70       000000
__Htext71                             text71       000000
__Htext72                             text72       000000
__Htext73                             text73       000000
__Htext74                             text74       000000
__Htext76                             text76       000000
__Htext77                             text77       000000
__Htext78                             text78       000000
__Htext79                             text79       000000
__Htext8                              text8        000000
__Htext80                             text80       000000
__Htext81                             text81       000000
__Htext82                             text82       000000
__Htext83                             text83       000000
__Htext84                             text84       000000
__Htext85                             text85       000000
__Htext9                              text9        000000
__LRAM                                (abs)        000001
__L__absolute__                       __absolute__ 000000
__Labs1                               abs1         000000
__Lbank0                              bank0        000000
__Lbank1                              bank1        000000
__Lbigbss                             bigbss       000000
__Lbigdata                            bigdata      000000
__Lbigram                             bigram       000000
__Lbigsfr                             bigsfr       000000
__Lbss                                bss          000000
__LbssBANK0                           bssBANK0     000000
__LbssCOMRAM                          bssCOMRAM    000000
__Lcinit                              cinit        000000
__Lclrtext                            clrtext      000000
__Lcomram                             comram       000000
__Lconfig                             config       000000
__Lconst                              const        000000
__LcstackBANK0                        cstackBANK0  000000
__LcstackCOMRAM                       cstackCOMRAM 000000
__Ldata                               data         000000
__LdataCOMRAM                         dataCOMRAM   000000
__Leeprom_data                        eeprom_data  000000
__Lfarbss                             farbss       000000
__Lfardata                            fardata      000000
__Lheap                               heap         000000
__Libigdata                           ibigdata     000000
__Lidata                              idata        000000
__LidataCOMRAM                        idataCOMRAM  000000
__Lidloc                              idloc        000000
__Lifardata                           ifardata     000000
__Linit                               init         00003A
__Lintcode                            intcode      000008
__Lintcode_body                       intcode_body 000000
__Lintcodelo                          intcodelo    000018
__Lintentry                           intentry     000000
__Lintret                             intret       000000
__Lintsave_regs                       intsave_regs 000000
__Lirdata                             irdata       000000
__Lmediumconst                        mediumconst  000000
__LnvFARRAM                           nvFARRAM     000000
__Lnvbit                              nvbit        000000
__Lnvrram                             nvrram       000000
__Lparam                              rparam       000000
__Lpowerup                            powerup      000000
__Lram                                ram          000000
__Lramtop                             ramtop       000200
__Lrbit                               rbit         000000
__Lrbss                               rbss         000000
__Lrdata                              rdata        000000
__Lreset_vec                          reset_vec    000000
__Lrparam                             rparam       000000
__Lsfr                                sfr          000000
__Lsivt_hi                            sivt_hi      000000
__Lsivt_lo                            sivt_lo      000018
__Lsmallconst                         smallconst   000200
__Lspace_0                            (abs)        000000
__Lspace_1                            (abs)        000000
__Lspace_2                            (abs)        000000
__Lspace_4                            (abs)        000000
__Lstack                              stack        000000
__Lstruct                             struct       000000
__Ltemp                               temp         000074
__Ltext                               text         000000
__Ltext0                              text0        000000
__Ltext1                              text1        000000
__Ltext10                             text10       000000
__Ltext11                             text11       000000
__Ltext12                             text12       000000
__Ltext13                             text13       000000
__Ltext14                             text14       000000
__Ltext15                             text15       000000
__Ltext16                             text16       000000
__Ltext17                             text17       000000
__Ltext18                             text18       000000
__Ltext19                             text19       000000
__Ltext2                              text2        000000
__Ltext20                             text20       000000
__Ltext21                             text21       000000
__Ltext22                             text22       000000
__Ltext23                             text23       000000
__Ltext24                             text24       000000
__Ltext25                             text25       000000
__Ltext26                             text26       000000
__Ltext27                             text27       000000
__Ltext28                             text28       000000
__Ltext29                             text29       000000
__Ltext3                              text3        000000
__Ltext30                             text30       000000
__Ltext31                             text31       000000
__Ltext32                             text32       000000
__Ltext33                             text33       000000
__Ltext34                             text34       000000
__Ltext35                             text35       000000
__Ltext36                             text36       000000
__Ltext37                             text37       000000
__Ltext38                             text38       000000
__Ltext39                             text39       000000
__Ltext4                              text4        000000
__Ltext40                             text40       000000
__Ltext41                             text41       000000
__Ltext42                             text42       000000
__Ltext43                             text43       000000
__Ltext44                             text44       000000
__Ltext45                             text45       000000
__Ltext46                             text46       000000
__Ltext47                             text47       000000
__Ltext48                             text48       000000
__Ltext49                             text49       000000
__Ltext5                              text5        000000
__Ltext50                             text50       000000
__Ltext51                             text51       000000
__Ltext52                             text52       000000
__Ltext53                             text53       000000
__Ltext54                             text54       000000
__Ltext55                             text55       000000
__Ltext56                             text56       000000
__Ltext57                             text57       000000
__Ltext58                             text58       000000
__Ltext59                             text59       000000
__Ltext6                              text6        000000
__Ltext60                             text60       000000
__Ltext61                             text61       000000
__Ltext62                             text62       000000
__Ltext63                             text63       000000
__Ltext64                             text64       000000
__Ltext65                             text65       000000
__Ltext66                             text66       000000
__Ltext67                             text67       000000
__Ltext68                             text68       000000
__Ltext69                             text69       000000
__Ltext7                              text7        000000
__Ltext70                             text70       000000
__Ltext71                             text71       000000
__Ltext72                             text72       000000
__Ltext73                             text73       000000
__Ltext74                             text74       000000
__Ltext76                             text76       000000
__Ltext77                             text77       000000
__Ltext78                             text78       000000
__Ltext79                             text79       000000
__Ltext8                              text8        000000
__Ltext80                             text80       000000
__Ltext81                             text81       000000
__Ltext82                             text82       000000
__Ltext83                             text83       000000
__Ltext84                             text84       000000
__Ltext85                             text85       000000
__Ltext9                              text9        000000
__S0                                  (abs)        001843
__S1                                  (abs)        0000F5
__S4                                  (abs)        000000
__S5                                  (abs)        000000
___awmod                              text52       000CB4
___awmod@counter                      cstackCOMRAM 00006B
___awmod@dividend                     cstackCOMRAM 000067
___awmod@divisor                      cstackCOMRAM 000069
___awmod@sign                         cstackCOMRAM 00006C
___heap_hi                            (abs)        000000
___heap_lo                            (abs)        000000
___inthi_sp                           stack        000000
___inthi_stack_hi                     stack        000000
___inthi_stack_lo                     stack        000000
___intlo_sp                           stack        000000
___intlo_stack_hi                     stack        000000
___intlo_stack_lo                     stack        000000
___lbdiv                              text51       001192
___lbdiv@counter                      cstackCOMRAM 000069
___lbdiv@dividend                     cstackCOMRAM 000068
___lbdiv@divisor                      cstackCOMRAM 000067
___lbdiv@quotient                     cstackCOMRAM 00006A
___lbmod                              text50       0013C8
___lbmod@counter                      cstackCOMRAM 00006D
___lbmod@dividend                     cstackCOMRAM 00006C
___lbmod@divisor                      cstackCOMRAM 00006B
___lbmod@rem                          cstackCOMRAM 00006E
___param_bank                         (abs)        000000
___rparam_used                        (abs)        000001
___sp                                 stack        000000
___stack_hi                           stack        000000
___stack_lo                           stack        000000
__accesstop                           (abs)        000080
__activetblptr                        (abs)        000002
__end_of_EEPROM_DemanaDesarLog        text31       0008B8
__end_of_EEPROM_DemanaEsborrarLogs    text12       00157C
__end_of_EEPROM_DemanaLlegirLogs      text22       0017FE
__end_of_EEPROM_Init                  text73       001788
__end_of_EEPROM_Motor                 text68       00055C
__end_of_FAN_Init                     text65       001692
__end_of_FAN_Motor                    text63       000F06
__end_of_FAN_SetDutyFan0              text30       001764
__end_of_FAN_SetDutyFan1              text29       001752
__end_of_I2C_Ack                      text38       001842
__end_of_I2C_Nack                     text37       001838
__end_of_I2C_Read                     text36       00148A
__end_of_I2C_Ready                    text44       0017E6
__end_of_I2C_Stop_                    text43       0017AA
__end_of_I2C_Write                    text42       001718
__end_of_INT_Init                     text62       0017BA
__end_of_InitI2C                      text45       00167A
__end_of_JOY_Init                     text61       0015BE
__end_of_JOY_IsCenter                 text8        0015DC
__end_of_JOY_IsDown                   text7        00155A
__end_of_JOY_IsLeft                   text6        001538
__end_of_JOY_IsRight                  text5        001516
__end_of_JOY_IsUp                     text4        0014F4
__end_of_JOY_Motor                    text60       0010E2
__end_of_RAM_DemanaDesar              text28       0017D8
__end_of_RAM_DemanaEsborrar           text55       0012C8
__end_of_RAM_DemanaLlegir             text21       0017F2
__end_of_RAM_IncAddr                  text57       001418
__end_of_RAM_Init                     text54       0013A0
__end_of_RAM_Motor                    text48       000B4E
__end_of_RAM_Read                     text53       001632
__end_of_RAM_ResetAddr                text58       0012F4
__end_of_RAM_Write                    text56       0014AE
__end_of_RGB_Init                     text47       001616
__end_of_RGB_Motor                    text46       000BD2
__end_of_RGB_SetColor                 text27       001740
__end_of_RGB_SetColorAlternatCritic   text26       00180A
__end_of_RSI_High                     intcode      00003A
__end_of_RSI_INT1                     text77       000EB0
__end_of_RSI_Timer0                   text76       0016AA
__end_of_RTC_DemanaTime               text85       0015FA
__end_of_RTC_Enable1HzInterrupt       text40       001662
__end_of_RTC_Init                     text39       001816
__end_of_RTC_Motor                    text33       000A12
__end_of_RTC_SetDate                  text17       00126E
__end_of_RTC_SetTime                  text16       001238
__end_of_ReStartI2C_                  text35       0016EC
__end_of_SIO_Init                     text32       00164A
__end_of_SIO_Receive                  text23       0016C0
__end_of_SIO_Send                     text71       001776
__end_of_SIO_SendBlocking             text72       001822
__end_of_SIO_SendBuffer               text3        0013C8
__end_of_SIO_SendDecimal              text49       000FFC
__end_of_SIO_SendString               text70       001320
__end_of_SIS_ControlTemperatura       text25       0006A6
__end_of_SIS_Init                     text24       00129C
__end_of_SIS_Motor                    text9        000E54
__end_of_SIS_MovementMotor            text2        000968
__end_of_StartI2C                     text41       001702
__end_of_TI_GetTics                   text64       00104C
__end_of_TI_Init                      text1        001376
__end_of_TI_NewTimer                  text67       00115A
__end_of_TI_ResetTics                 text66       0014D2
__end_of___awmod                      text52       000D22
__end_of___lbdiv                      text51       0011CA
__end_of___lbmod                      text50       0013F0
__end_of__initialization              cinit        001184
__end_of_bcdToDec                     text34       0016D6
__end_of_decToBcd                     text18       00159E
__end_of_delay_us                     text59       00172E
__end_of_identificaComanda            text19       000C44
__end_of_iniciaAmb                    text20       000FAC
__end_of_main                         text0        000CB4
__end_of_obtenirNumero                text15       000AB2
__end_of_parsejaInitialize            text14       0007D8
__end_of_parsejaSetTime               text13       000DF6
__end_of_processaComanda              text10       000F5A
__end_of_readByte                     text74       0017CA
__end_of_resetCommand                 text11       00111E
__end_of_writeByte                    text69       001466
__end_ofi2_SIO_Send                   text79       00179A
__end_ofi2_SIO_SendBlocking           text84       00182E
__end_ofi2_SIO_SendDecimal            text80       00109C
__end_ofi2_SIO_SendString             text78       00134C
__end_ofi2___awmod                    text83       000D90
__end_ofi2___lbdiv                    text82       001202
__end_ofi2___lbmod                    text81       001440
__initialization                      cinit        00115A
__mediumconst                         smallconst   000200
__pbssBANK0                           bssBANK0     000080
__pbssCOMRAM                          bssCOMRAM    000001
__pcinit                              cinit        00115A
__pcstackBANK0                        cstackBANK0  0000E7
__pcstackCOMRAM                       cstackCOMRAM 00005C
__pdataCOMRAM                         dataCOMRAM   000073
__pidataCOMRAM                        idataCOMRAM  001842
__pintcode                            intcode      000008
__psmallconst                         smallconst   000200
__ptext0                              text0        000C44
__ptext1                              text1        00134C
__ptext10                             text10       000F06
__ptext11                             text11       0010E2
__ptext12                             text12       00155A
__ptext13                             text13       000D90
__ptext14                             text14       0006A6
__ptext15                             text15       000A12
__ptext16                             text16       001202
__ptext17                             text17       001238
__ptext18                             text18       00157C
__ptext19                             text19       000BD2
__ptext2                              text2        0008B8
__ptext20                             text20       000F5A
__ptext21                             text21       0017E6
__ptext22                             text22       0017F2
__ptext23                             text23       0016AA
__ptext24                             text24       00126E
__ptext25                             text25       00055C
__ptext26                             text26       0017FE
__ptext27                             text27       00172E
__ptext28                             text28       0017CA
__ptext29                             text29       001740
__ptext3                              text3        0013A0
__ptext30                             text30       001752
__ptext31                             text31       0007D8
__ptext32                             text32       001632
__ptext33                             text33       000968
__ptext34                             text34       0016C0
__ptext35                             text35       0016D6
__ptext36                             text36       001466
__ptext37                             text37       00182E
__ptext38                             text38       001838
__ptext39                             text39       00180A
__ptext4                              text4        0014D2
__ptext40                             text40       00164A
__ptext41                             text41       0016EC
__ptext42                             text42       001702
__ptext43                             text43       00179A
__ptext44                             text44       0017D8
__ptext45                             text45       001662
__ptext46                             text46       000B4E
__ptext47                             text47       0015FA
__ptext48                             text48       000AB2
__ptext49                             text49       000FAC
__ptext5                              text5        0014F4
__ptext50                             text50       0013C8
__ptext51                             text51       001192
__ptext52                             text52       000CB4
__ptext53                             text53       001616
__ptext54                             text54       001376
__ptext55                             text55       00129C
__ptext56                             text56       00148A
__ptext57                             text57       0013F0
__ptext58                             text58       0012C8
__ptext59                             text59       001718
__ptext6                              text6        001516
__ptext60                             text60       00109C
__ptext61                             text61       00159E
__ptext62                             text62       0017AA
__ptext63                             text63       000EB0
__ptext64                             text64       000FFC
__ptext65                             text65       00167A
__ptext66                             text66       0014AE
__ptext67                             text67       00111E
__ptext68                             text68       0002A4
__ptext69                             text69       001440
__ptext7                              text7        001538
__ptext70                             text70       0012F4
__ptext71                             text71       001764
__ptext72                             text72       001816
__ptext73                             text73       001776
__ptext74                             text74       0017BA
__ptext76                             text76       001692
__ptext77                             text77       000E54
__ptext78                             text78       001320
__ptext79                             text79       001788
__ptext8                              text8        0015BE
__ptext80                             text80       00104C
__ptext81                             text81       001418
__ptext82                             text82       0011CA
__ptext83                             text83       000D22
__ptext84                             text84       001822
__ptext85                             text85       0015DC
__ptext9                              text9        000DF6
__ramtop                              ramtop       000200
__smallconst                          smallconst   000200
_any                                  bssCOMRAM    000059
_bcdToDec                             text34       0016C0
_blue                                 bssCOMRAM    00002E
_canalActual                          bssCOMRAM    00001E
_counterFan0                          bssCOMRAM    000033
_counterFan1                          bssCOMRAM    000032
_decToBcd                             text18       00157C
_delay_us                             text59       001718
_desantLog                            bssCOMRAM    00003B
_dia                                  bssCOMRAM    000057
_dutyFan0                             bssCOMRAM    000035
_dutyFan1                             bssCOMRAM    000034
_enable                               bssCOMRAM    00001F
_estatCritic                          bssCOMRAM    00002D
_estatDesar                           bssCOMRAM    00003A
_flag_rtc                             bssCOMRAM    000049
_green                                bssCOMRAM    00002F
_hora                                 bssCOMRAM    000056
_iLog                                 bssCOMRAM    000041
_identificaComanda                    text19       000BD2
_idxChar                              bssCOMRAM    00003C
_idxDesplac                           bssCOMRAM    00003D
_idxLog                               bssCOMRAM    00003E
_indexJoystick                        bssCOMRAM    000020
_iniciaAmb                            text20       000F5A
_jLog                                 bssCOMRAM    000040
_joystick                             bssCOMRAM    000014
_llindarCritical                      bssCOMRAM    00004A
_llindarHigh                          bssCOMRAM    00004B
_llindarLow                           bssCOMRAM    00004D
_llindarModerate                      bssCOMRAM    00004C
_log                                  bssCOMRAM    000001
_logPend                              bssBANK0     000099
_main                                 text0        000C44
_mes                                  bssCOMRAM    000058
_minuts                               bssCOMRAM    000055
_obtenirNumero                        text15       000A12
_parsejaInitialize                    text14       0006A6
_parsejaSetTime                       text13       000D90
_pendingRTC                           bssCOMRAM    000029
_pendingReadRequest                   bssCOMRAM    00003F
_pendingReadRequest@TAD_RAM$F1961     bssCOMRAM    00002A
_posAddrRAM                           bssCOMRAM    00001A
_previousButton                       dataCOMRAM   000073
_processaComanda                      text10       000F06
_ramAddrBackup                        bssCOMRAM    000016
_ramReadIndex                         bssCOMRAM    000018
_ramReadState                         bssCOMRAM    00002B
_readByte                             text74       0017BA
_received                             bssCOMRAM    00005A
_red                                  bssCOMRAM    000030
_resetCommand                         text11       0010E2
_rtc_dd                               bssCOMRAM    000025
_rtc_hh                               bssCOMRAM    000028
_rtc_mm                               bssCOMRAM    000027
_rtc_mo                               bssCOMRAM    000024
_rtc_ss                               bssCOMRAM    000026
_rtc_yy                               bssCOMRAM    000023
_rxBuffer                             bssBANK0     0000A7
_segons                               bssCOMRAM    000054
_systemInitialized                    bssCOMRAM    000050
_tempsMostreig                        bssCOMRAM    00004E
_timerFan                             bssCOMRAM    000052
_timerRGB                             bssCOMRAM    000051
_timerRebots                          bssCOMRAM    00005B
_timerTemperatura                     bssCOMRAM    000053
_totalLogs                            bssCOMRAM    000042
_writeByte                            text69       001440
bcdToDec@val                          cstackCOMRAM 000068
btemp                                 temp         000074
decToBcd@val                          cstackCOMRAM 000071
delay_us@us                           cstackCOMRAM 000067
end_of_initialization                 cinit        001184
i2SIO_Send@character                  cstackCOMRAM 00005C
i2SIO_SendBlocking@character          cstackCOMRAM 00005C
i2SIO_SendDecimal@num                 cstackCOMRAM 000062
i2SIO_SendString@str                  cstackCOMRAM 00005D
i2_SIO_Send                           text79       001788
i2_SIO_SendBlocking                   text84       001822
i2_SIO_SendDecimal                    text80       00104C
i2_SIO_SendString                     text78       001320
i2___awmod                            text83       000D22
i2___awmod@counter                    cstackCOMRAM 000060
i2___awmod@dividend                   cstackCOMRAM 00005C
i2___awmod@divisor                    cstackCOMRAM 00005E
i2___awmod@sign                       cstackCOMRAM 000061
i2___lbdiv                            text82       0011CA
i2___lbdiv@counter                    cstackCOMRAM 00005E
i2___lbdiv@dividend                   cstackCOMRAM 00005D
i2___lbdiv@divisor                    cstackCOMRAM 00005C
i2___lbdiv@quotient                   cstackCOMRAM 00005F
i2___lbmod                            text81       001418
i2___lbmod@counter                    cstackCOMRAM 00005E
i2___lbmod@dividend                   cstackCOMRAM 00005D
i2___lbmod@divisor                    cstackCOMRAM 00005C
i2___lbmod@rem                        cstackCOMRAM 00005F
identificaComanda@comanda             cstackCOMRAM 00006D
iniciaAmb@entrada                     cstackCOMRAM 000067
iniciaAmb@i                           cstackCOMRAM 00006B
iniciaAmb@prefix                      cstackCOMRAM 000068
int$flags                             temp         000074
intlevel0                             text         000000
intlevel1                             text         000000
intlevel2                             text         000000
intlevel3                             text         000000
isa$std                               (abs)        000001
isa$xinst                             (abs)        000000
obtenirNumero@buf                     cstackCOMRAM 000067
obtenirNumero@idx                     cstackCOMRAM 000068
obtenirNumero@val                     cstackCOMRAM 00006B
parsejaInitialize@comanda             cstackBANK0  0000E9
parsejaInitialize@i                   cstackBANK0  0000EB
parsejaSetTime@comanda                cstackBANK0  0000E9
parsejaSetTime@i                      cstackBANK0  0000EB
processaComanda@comanda               cstackBANK0  0000EC
readByte@addr                         cstackCOMRAM 000067
stackhi                               (abs)        000000
stacklo                               (abs)        000000
start                                 init         00003A
start_initialization                  cinit        00115A
ttemp5                                temp         000075
ttemp6                                temp         000078
ttemp7                                temp         00007C
writeByte@addr                        cstackCOMRAM 000069
writeByte@data                        cstackCOMRAM 000068
wtemp8                                temp         000075


MODULE INFORMATION

Module		Function		Class		Link	Load	Size
TAD_EEPROM.c
		_readByte      		CODE           	17BA	0000	16
		_EEPROM_Init   		CODE           	1776	0000	18
		_EEPROM_Motor  		CODE           	02A4	0000	696
		_EEPROM_DemanaEsborrarLogs		CODE           	155A	0000	34
		_EEPROM_DemanaDesarLog		CODE           	07D8	0000	224
		_writeByte     		CODE           	1440	0000	38
		_EEPROM_DemanaLlegirLogs		CODE           	17F2	0000	12

TAD_EEPROM.c estimated size: 1038

TAD_SISTEMA.c
		_parsejaInitialize		CODE           	06A6	0000	306
		_SIS_ControlTemperatura		CODE           	055C	0000	330
		_RSI_INT1      		CODE           	0E54	0000	92
		_SIS_MovementMotor		CODE           	08B8	0000	176
		_SIS_Motor     		CODE           	0DF6	0000	94
		_resetCommand  		CODE           	10E2	0000	60
		_identificaComanda		CODE           	0BD2	0000	114
		_processaComanda		CODE           	0F06	0000	84
		_obtenirNumero 		CODE           	0A12	0000	160
		_iniciaAmb     		CODE           	0F5A	0000	82
		_SIS_Init      		CODE           	126E	0000	46
		_parsejaSetTime		CODE           	0D90	0000	102

TAD_SISTEMA.c estimated size: 1646

TAD_RAM.c
		_RAM_Motor     		CODE           	0AB2	0000	156
		_RAM_Write     		CODE           	148A	0000	36
		_delay_us      		CODE           	1718	0000	22
		_RAM_IncAddr   		CODE           	13F0	0000	40
		_RAM_Read      		CODE           	1616	0000	28
		_RAM_DemanaLlegir		CODE           	17E6	0000	12
		_RAM_Init      		CODE           	1376	0000	42
		_RAM_DemanaDesar		CODE           	17CA	0000	14
		_RAM_ResetAddr 		CODE           	12C8	0000	44
		_RAM_DemanaEsborrar		CODE           	129C	0000	44

TAD_RAM.c estimated size: 438

TAD_SIO.c
		_SIO_SendString		CODE           	12F4	0000	44
		_SIO_SendBuffer		CODE           	13A0	0000	40
		_SIO_Receive   		CODE           	16AA	0000	22
		_SIO_SendDecimal		CODE           	0FAC	0000	80
		_SIO_Init      		CODE           	1632	0000	24
		_SIO_Send      		CODE           	1764	0000	18
		_SIO_SendBlocking		CODE           	1816	0000	12

TAD_SIO.c estimated size: 240

C:\Program Files\Microchip\xc8\v3.00\pic\sources\c99\common\lbdiv.c
		___lbdiv       		CODE           	1192	0000	56

C:\Program Files\Microchip\xc8\v3.00\pic\sources\c99\common\lbdiv.c estimated size: 56

TAD_JOYSTICK.c
		_JOY_IsRight   		CODE           	14F4	0000	34
		_JOY_IsUp      		CODE           	14D2	0000	34
		_JOY_Init      		CODE           	159E	0000	32
		_JOY_IsDown    		CODE           	1538	0000	34
		_JOY_Motor     		CODE           	109C	0000	70
		_JOY_IsCenter  		CODE           	15BE	0000	30
		_JOY_IsLeft    		CODE           	1516	0000	34

TAD_JOYSTICK.c estimated size: 268

TAD_RGB.c
		_RGB_Init      		CODE           	15FA	0000	28
		_RGB_SetColorAlternatCritic		CODE           	17FE	0000	12
		_RGB_SetColor  		CODE           	172E	0000	18
		_RGB_Motor     		CODE           	0B4E	0000	132

TAD_RGB.c estimated size: 190

C:\Program Files\Microchip\xc8\v3.00\pic\sources\c99\common\awmod.c
		___awmod       		CODE           	0CB4	0000	110

C:\Program Files\Microchip\xc8\v3.00\pic\sources\c99\common\awmod.c estimated size: 110

TAD_RTC.c
		_RTC_Motor     		CODE           	0968	0000	170
		_RTC_Enable1HzInterrupt		CODE           	164A	0000	24
		_RTC_Init      		CODE           	180A	0000	12
		_RTC_DemanaTime		CODE           	15DC	0000	30
		_RTC_SetDate   		CODE           	1238	0000	54
		_RTC_SetTime   		CODE           	1202	0000	54
		_decToBcd      		CODE           	157C	0000	34
		_bcdToDec      		CODE           	16C0	0000	22

TAD_RTC.c estimated size: 400

shared
		i2___lbdiv     		CODE           	11CA	0000	56
		i2_SIO_SendString		CODE           	1320	0000	44
		i2_SIO_SendDecimal		CODE           	104C	0000	80
		i2___lbmod     		CODE           	1418	0000	40
		i2_SIO_SendBlocking		CODE           	1822	0000	12
		__initialization		CODE           	115A	0000	42
		i2___awmod     		CODE           	0D22	0000	110
		i2_SIO_Send    		CODE           	1788	0000	18

shared estimated size: 402

TAD_FAN.c
		_FAN_Init      		CODE           	167A	0000	24
		_FAN_SetDutyFan0		CODE           	1752	0000	18
		_FAN_SetDutyFan1		CODE           	1740	0000	18
		_FAN_Motor     		CODE           	0EB0	0000	86

TAD_FAN.c estimated size: 146

TAD_TIMER.c
		_TI_ResetTics  		CODE           	14AE	0000	36
		_TI_NewTimer   		CODE           	111E	0000	60
		_RSI_Timer0    		CODE           	1692	0000	24
		_TI_Init       		CODE           	134C	0000	42
		_TI_GetTics    		CODE           	0FFC	0000	80

TAD_TIMER.c estimated size: 242

C:\Program Files\Microchip\xc8\v3.00\pic\sources\c99\common\lbmod.c
		___lbmod       		CODE           	13C8	0000	40

C:\Program Files\Microchip\xc8\v3.00\pic\sources\c99\common\lbmod.c estimated size: 40

main.c
		_main          		CODE           	0C44	0000	112
		_RSI_High      		CODE           	0008	0000	50
		_INT_Init      		CODE           	17AA	0000	16

main.c estimated size: 178

TAD_I2C.c
		_ReStartI2C_   		CODE           	16D6	0000	22
		_I2C_Write     		CODE           	1702	0000	22
		_I2C_Stop_     		CODE           	179A	0000	16
		_InitI2C       		CODE           	1662	0000	24
		_I2C_Read      		CODE           	1466	0000	36
		_I2C_Ready     		CODE           	17D8	0000	14
		_I2C_Ack       		CODE           	1838	0000	10
		_I2C_Nack      		CODE           	182E	0000	10
		_StartI2C      		CODE           	16EC	0000	22

TAD_I2C.c estimated size: 176

